
> enersight-backend@1.0.0 start
> node server.js

MongoDB Connected ✅
[simulator] started — generating readings every 3–5 s

🚀  EnerSight backend running on port 5000
   REST  → http://localhost:5000/api/energy
   WS    → ws://localhost:5000

[simulator] started — generating readings every 3–5 s
[socket] client connected → 1YqsfZTziCrIiutEAAAB
[socket] client connected → LUCSRMOv1oIFKaVWAAAD
[socket] client connected → TEujMil_gJESOLPoAAAF
[2026-04-21T05:03:03.127Z] GET /api/analysis/latest
[2026-04-21T05:03:03.147Z] GET /api/alerts
[2026-04-21T05:03:03.155Z] GET /api/energy/peak
[2026-04-21T05:03:03.319Z] GET /api/analysis/latest
[2026-04-21T05:03:03.328Z] GET /api/energy/trends?range=daily
[2026-04-21T05:03:03.524Z] GET /api/analysis/latest
[2026-04-21T05:03:03.530Z] GET /api/energy/category
[2026-04-21T05:03:03.698Z] GET /api/analysis/latest
[2026-04-21T05:03:03.708Z] GET /api/energy
[2026-04-21T05:03:03.719Z] GET /api/recommendations
[socket] client connected → 4L6PMazxjjjiEJMmAAAH
[socket] client connected → g-kyMcq2BeJH_1QDAAAJ
[2026-04-21T05:03:03.819Z] GET /api/analysis/latest
[2026-04-21T05:03:03.866Z] GET /api/energy/impact
[2026-04-21T05:03:03.985Z] GET /api/energy/impact
[socket] client connected → jUsSl0EJjbDsT4l4AAAL
[socket] client connected → 3zxrtuUo5PSBi_HFAAAN
[socket] client connected → iPMnHsNYDamby5u1AAAP
[2026-04-21T05:03:05.554Z] GET /api/alerts
[socket] client connected → A89vAtCk7d6hM69kAAAR
[socket] client connected → 9dgNr9MUIoyDpBuiAAAT
[socket] client connected → dH5RWMYQeByXSNydAAAV
[2026-04-21T05:03:07.252Z] GET /api/analysis/latest
[2026-04-21T05:03:07.262Z] GET /api/energy/peak
[2026-04-21T05:03:07.340Z] GET /api/analysis/latest
[2026-04-21T05:03:07.351Z] GET /api/energy/trends?range=daily
[2026-04-21T05:03:07.466Z] GET /api/analysis/latest
[2026-04-21T05:03:07.472Z] GET /api/energy
[2026-04-21T05:03:07.478Z] GET /api/alerts
[2026-04-21T05:03:07.483Z] GET /api/recommendations
[2026-04-21T05:03:07.640Z] GET /api/energy/peak
[2026-04-21T05:03:07.657Z] GET /api/analysis/latest
[2026-04-21T05:03:07.680Z] GET /api/energy/impact
[2026-04-21T05:03:08.430Z] GET /api/analysis/latest
[2026-04-21T05:03:08.455Z] GET /api/energy/category
[2026-04-21T05:03:08.539Z] GET /api/analysis/latest
[2026-04-21T05:03:08.545Z] GET /api/energy/impact
[2026-04-21T05:03:08.729Z] GET /api/analysis/latest
[2026-04-21T05:03:08.737Z] GET /api/energy/trends?range=daily
[2026-04-21T05:03:08.831Z] GET /api/analysis/latest
[2026-04-21T05:03:08.839Z] GET /api/energy
[2026-04-21T05:03:08.847Z] GET /api/recommendations
[2026-04-21T05:03:08.959Z] GET /api/analysis/latest
[2026-04-21T05:03:08.967Z] GET /api/energy/impact
[2026-04-21T05:03:09.036Z] GET /api/alerts
[2026-04-21T05:03:09.041Z] GET /api/analysis/latest
[2026-04-21T05:03:09.050Z] GET /api/energy/category
[2026-04-21T05:03:09.124Z] GET /api/energy/impact
[2026-04-21T05:03:11.804Z] GET /api/analysis/latest
[2026-04-21T05:03:11.812Z] GET /api/energy/peak
[2026-04-21T05:03:11.890Z] GET /api/analysis/latest
[2026-04-21T05:03:11.902Z] GET /api/energy/trends?range=daily
[2026-04-21T05:03:11.980Z] GET /api/analysis/latest
[2026-04-21T05:03:11.986Z] GET /api/energy
[2026-04-21T05:03:11.991Z] GET /api/alerts
[2026-04-21T05:03:11.995Z] GET /api/recommendations
[2026-04-21T05:03:12.021Z] GET /api/energy/peak
[2026-04-21T05:03:12.056Z] GET /api/analysis/latest
[2026-04-21T05:03:12.062Z] GET /api/energy/impact
[2026-04-21T05:03:12.154Z] GET /api/analysis/latest
[2026-04-21T05:03:12.160Z] GET /api/energy/category
[2026-04-21T05:03:12.306Z] GET /api/analysis/latest
[2026-04-21T05:03:12.321Z] GET /api/energy/impact
[2026-04-21T05:03:12.414Z] GET /api/analysis/latest
[2026-04-21T05:03:12.420Z] GET /api/energy/trends?range=daily
[2026-04-21T05:03:12.485Z] GET /api/analysis/latest
[2026-04-21T05:03:12.491Z] GET /api/energy
[2026-04-21T05:03:12.496Z] GET /api/recommendations
[2026-04-21T05:03:12.649Z] GET /api/analysis/latest
[2026-04-21T05:03:12.655Z] GET /api/energy/impact
[2026-04-21T05:03:12.825Z] GET /api/analysis/latest
[2026-04-21T05:03:12.832Z] GET /api/energy/category
[2026-04-21T05:03:12.975Z] GET /api/energy/impact
[2026-04-21T05:03:13.758Z] GET /api/alerts
[2026-04-21T05:03:15.693Z] GET /api/analysis/latest
[2026-04-21T05:03:15.699Z] GET /api/energy/peak
[2026-04-21T05:03:15.895Z] GET /api/analysis/latest
[2026-04-21T05:03:15.901Z] GET /api/energy/trends?range=daily
[2026-04-21T05:03:16.027Z] GET /api/analysis/latest
[2026-04-21T05:03:16.034Z] GET /api/energy
[2026-04-21T05:03:16.039Z] GET /api/alerts
[2026-04-21T05:03:16.042Z] GET /api/recommendations
[2026-04-21T05:03:16.221Z] GET /api/analysis/latest
[2026-04-21T05:03:16.227Z] GET /api/energy/impact
[2026-04-21T05:03:16.399Z] GET /api/analysis/latest
[2026-04-21T05:03:16.405Z] GET /api/energy/category
[2026-04-21T05:03:16.486Z] GET /api/energy/peak
[2026-04-21T05:03:16.492Z] GET /api/analysis/latest
[2026-04-21T05:03:16.504Z] GET /api/energy/impact
[2026-04-21T05:03:16.563Z] GET /api/analysis/latest
[2026-04-21T05:03:16.584Z] GET /api/energy/trends?range=daily
[2026-04-21T05:03:16.743Z] GET /api/analysis/latest
[2026-04-21T05:03:16.750Z] GET /api/energy
[2026-04-21T05:03:16.755Z] GET /api/recommendations
[2026-04-21T05:03:16.932Z] GET /api/analysis/latest
[2026-04-21T05:03:16.953Z] GET /api/energy/impact
[2026-04-21T05:03:17.115Z] GET /api/analysis/latest
[2026-04-21T05:03:17.119Z] GET /api/energy/category
[2026-04-21T05:03:17.233Z] GET /api/energy/impact
[2026-04-21T05:03:17.633Z] GET /api/alerts
[2026-04-21T05:03:20.260Z] GET /api/analysis/latest
[2026-04-21T05:03:20.264Z] GET /api/energy/peak
[2026-04-21T05:03:20.363Z] GET /api/analysis/latest
[2026-04-21T05:03:20.375Z] GET /api/energy/trends?range=daily
[2026-04-21T05:03:20.502Z] GET /api/analysis/latest
[2026-04-21T05:03:20.509Z] GET /api/energy/category
[2026-04-21T05:03:20.584Z] GET /api/analysis/latest
[2026-04-21T05:03:20.592Z] GET /api/energy
[2026-04-21T05:03:20.598Z] GET /api/alerts
[2026-04-21T05:03:20.605Z] GET /api/recommendations
[2026-04-21T05:03:20.694Z] GET /api/analysis/latest
[2026-04-21T05:03:20.701Z] GET /api/energy/impact
[2026-04-21T05:03:20.818Z] GET /api/energy/impact
[2026-04-21T05:03:23.826Z] GET /api/analysis/latest
[2026-04-21T05:03:23.832Z] GET /api/energy/peak
[2026-04-21T05:03:23.893Z] GET /api/analysis/latest
[2026-04-21T05:03:23.905Z] GET /api/energy/trends?range=daily
[2026-04-21T05:03:23.914Z] GET /api/alerts
[2026-04-21T05:03:23.973Z] GET /api/analysis/latest
[2026-04-21T05:03:23.984Z] GET /api/energy
[2026-04-21T05:03:23.989Z] GET /api/recommendations
[2026-04-21T05:03:24.091Z] GET /api/analysis/latest
[2026-04-21T05:03:24.098Z] GET /api/energy/impact
[2026-04-21T05:03:24.196Z] GET /api/analysis/latest
[2026-04-21T05:03:24.200Z] GET /api/energy/category
[2026-04-21T05:03:24.281Z] GET /api/energy/impact
[2026-04-21T05:03:25.320Z] GET /api/analysis/latest
[2026-04-21T05:03:25.325Z] GET /api/energy/peak
[2026-04-21T05:03:25.428Z] GET /api/analysis/latest
[2026-04-21T05:03:25.436Z] GET /api/energy/trends?range=daily
[2026-04-21T05:03:25.631Z] GET /api/alerts
[2026-04-21T05:03:25.638Z] GET /api/analysis/latest
[2026-04-21T05:03:25.648Z] GET /api/energy
[2026-04-21T05:03:25.654Z] GET /api/recommendations
[2026-04-21T05:03:25.849Z] GET /api/analysis/latest
[2026-04-21T05:03:25.854Z] GET /api/energy/impact
[2026-04-21T05:03:26.040Z] GET /api/analysis/latest
[2026-04-21T05:03:26.055Z] GET /api/energy/category
[2026-04-21T05:03:26.165Z] GET /api/energy/impact
[2026-04-21T05:03:27.238Z] GET /api/alerts
[2026-04-21T05:03:27.689Z] GET /api/analysis/latest
[2026-04-21T05:03:27.723Z] GET /api/energy/peak
[2026-04-21T05:03:27.816Z] GET /api/analysis/latest
[2026-04-21T05:03:27.821Z] GET /api/energy/trends?range=daily
[2026-04-21T05:03:27.990Z] GET /api/analysis/latest
[2026-04-21T05:03:27.995Z] GET /api/energy
[2026-04-21T05:03:28.000Z] GET /api/recommendations
[2026-04-21T05:03:28.173Z] GET /api/analysis/latest
[2026-04-21T05:03:28.188Z] GET /api/energy/impact
[2026-04-21T05:03:28.269Z] GET /api/analysis/latest
[2026-04-21T05:03:28.277Z] GET /api/energy/category
[2026-04-21T05:03:28.397Z] GET /api/energy/impact
[2026-04-21T05:03:28.541Z] GET /api/alerts
[2026-04-21T05:03:38.169Z] POST /api/analysis
[2026-04-21T05:03:44.434Z] POST /api/analysis
[2026-04-21T05:03:47.948Z] POST /api/analysis
[2026-04-21T05:03:51.954Z] POST /api/analysis
[2026-04-21T05:03:57.172Z] POST /api/analysis
[2026-04-21T05:04:04.434Z] POST /api/analysis
[2026-04-21T05:04:17.625Z] GET /api/analysis/latest
[2026-04-21T05:04:17.739Z] GET /api/analysis/latest
[2026-04-21T05:04:21.204Z] GET /api/analysis/latest
[2026-04-21T05:04:21.325Z] GET /api/analysis/latest
[2026-04-21T05:04:21.940Z] GET /api/analysis/latest
[2026-04-21T05:04:22.019Z] GET /api/analysis/latest
[2026-04-21T05:04:24.362Z] GET /api/analysis/latest
[2026-04-21T05:04:24.910Z] GET /api/analysis/latest
[2026-04-21T05:04:25.010Z] GET /api/analysis/latest
[2026-04-21T05:04:26.172Z] GET /api/analysis/latest
[2026-04-21T05:04:26.339Z] GET /api/analysis/latest
[2026-04-21T05:04:27.664Z] GET /api/analysis/latest
[2026-04-21T05:04:29.191Z] GET /api/analysis/latest
[2026-04-21T05:04:29.315Z] GET /api/analysis/latest
[2026-04-21T05:04:29.414Z] GET /api/analysis/latest
[2026-04-21T05:04:30.474Z] GET /api/analysis/latest
[2026-04-21T05:04:30.714Z] GET /api/analysis/latest
[2026-04-21T05:04:30.785Z] GET /api/analysis/latest
[2026-04-21T05:04:32.135Z] GET /api/alerts
[2026-04-21T05:05:03.633Z] GET /api/alerts
[2026-04-21T05:05:36.181Z] GET /api/alerts
[2026-04-21T05:05:45.979Z] GET /api/analysis/latest
[2026-04-21T05:05:46.080Z] GET /api/analysis/latest
[2026-04-21T05:05:47.452Z] GET /api/analysis/latest
[2026-04-21T05:05:47.548Z] GET /api/analysis/latest
[2026-04-21T05:05:49.290Z] GET /api/analysis/latest
[2026-04-21T05:05:49.391Z] GET /api/analysis/latest
[2026-04-21T05:05:51.030Z] GET /api/analysis/latest
[2026-04-21T05:05:51.229Z] GET /api/analysis/latest
[2026-04-21T05:05:52.674Z] GET /api/analysis/latest
[2026-04-21T05:05:52.871Z] GET /api/analysis/latest
[2026-04-21T05:05:55.128Z] GET /api/analysis/latest
[2026-04-21T05:05:55.224Z] GET /api/analysis/latest
[2026-04-21T05:05:57.683Z] GET /api/analysis/latest
[2026-04-21T05:05:57.891Z] GET /api/analysis/latest
[2026-04-21T05:05:58.709Z] GET /api/analysis/latest
[2026-04-21T05:05:58.808Z] GET /api/analysis/latest
[2026-04-21T05:06:01.987Z] GET /api/analysis/latest
[2026-04-21T05:06:02.085Z] GET /api/analysis/latest
[2026-04-21T05:06:02.497Z] GET /api/analysis/latest
[2026-04-21T05:06:02.585Z] GET /api/analysis/latest
[2026-04-21T05:06:07.159Z] GET /api/analysis/latest
[2026-04-21T05:06:07.304Z] GET /api/analysis/latest
[2026-04-21T05:06:07.418Z] GET /api/analysis/latest
[2026-04-21T05:06:07.619Z] GET /api/analysis/latest
[2026-04-21T05:06:10.690Z] GET /api/analysis/latest
[2026-04-21T05:06:10.788Z] GET /api/analysis/latest
[2026-04-21T05:06:12.635Z] GET /api/analysis/latest
[2026-04-21T05:06:12.838Z] GET /api/analysis/latest
[2026-04-21T05:06:15.706Z] GET /api/analysis/latest
[2026-04-21T05:06:15.786Z] GET /api/analysis/latest
[2026-04-21T05:06:16.529Z] GET /api/analysis/latest
[2026-04-21T05:06:16.732Z] GET /api/analysis/latest
[2026-04-21T05:06:20.380Z] GET /api/analysis/latest
[2026-04-21T05:06:20.516Z] GET /api/analysis/latest
[2026-04-21T05:06:21.202Z] GET /api/analysis/latest
[2026-04-21T05:06:21.336Z] GET /api/analysis/latest
[2026-04-21T05:06:25.549Z] GET /api/analysis/latest
[2026-04-21T05:06:25.644Z] GET /api/analysis/latest
[2026-04-21T05:06:26.359Z] GET /api/analysis/latest
[2026-04-21T05:06:26.556Z] GET /api/analysis/latest
[2026-04-21T05:06:30.349Z] GET /api/analysis/latest
[2026-04-21T05:06:30.420Z] GET /api/analysis/latest
[2026-04-21T05:06:31.686Z] GET /api/analysis/latest
[2026-04-21T05:06:31.762Z] GET /api/analysis/latest
[2026-04-21T05:06:34.294Z] GET /api/analysis/latest
[2026-04-21T05:06:34.447Z] GET /api/analysis/latest
[2026-04-21T05:06:35.797Z] GET /api/analysis/latest
[2026-04-21T05:06:35.991Z] GET /api/analysis/latest
[2026-04-21T05:06:39.444Z] GET /api/analysis/latest
[2026-04-21T05:06:39.566Z] GET /api/analysis/latest
[2026-04-21T05:06:40.954Z] GET /api/analysis/latest
[2026-04-21T05:06:41.067Z] GET /api/analysis/latest
[2026-04-21T05:06:42.944Z] GET /api/analysis/latest
[2026-04-21T05:06:43.044Z] GET /api/analysis/latest
[2026-04-21T05:06:44.685Z] GET /api/analysis/latest
[2026-04-21T05:06:44.785Z] GET /api/analysis/latest
[2026-04-21T05:06:46.338Z] GET /api/analysis/latest
[2026-04-21T05:06:46.529Z] GET /api/analysis/latest
[2026-04-21T05:06:47.966Z] GET /api/analysis/latest
[2026-04-21T05:06:48.062Z] GET /api/analysis/latest
[2026-04-21T05:06:49.723Z] GET /api/recommendations
[socket] client connected → yursZwa2iMeNaumqAAAX
[socket] client disconnected → 1YqsfZTziCrIiutEAAAB (transport close)
[socket] client connected → UZMXg-EuNm_i5ynHAAAZ
[2026-04-21T05:06:57.663Z] GET /api/recommendations
[2026-04-21T05:07:36.905Z] GET /api/analysis/latest
[2026-04-21T05:07:37.013Z] GET /api/analysis/latest
[2026-04-21T05:07:38.459Z] GET /api/analysis/latest
[2026-04-21T05:07:38.652Z] GET /api/analysis/latest
[2026-04-21T05:07:40.824Z] GET /api/alerts
[2026-04-21T05:08:13.689Z] GET /api/alerts
[2026-04-21T05:08:45.849Z] GET /api/alerts
[socket] client disconnected → UZMXg-EuNm_i5ynHAAAZ (transport close)
[socket] client connected → QIH575hy7VJGIcCGAAAb
[2026-04-21T05:08:59.655Z] GET /api/alerts
[2026-04-21T05:09:05.049Z] PATCH /api/alerts/spike%3A69e705f276587970f37810b0/resolve
[2026-04-21T05:09:05.292Z] GET /api/alerts
[2026-04-21T05:09:07.489Z] PATCH /api/alerts/spike%3A69e7059f76587970f3780ff1/resolve
[2026-04-21T05:09:07.536Z] GET /api/alerts
[2026-04-21T05:09:08.759Z] PATCH /api/alerts/spike%3A69e7055176587970f3780f6f/resolve
[2026-04-21T05:09:09.147Z] GET /api/alerts
[2026-04-21T05:09:09.665Z] PATCH /api/alerts/spike%3A69e7051b76587970f3780ec1/resolve
[2026-04-21T05:09:10.315Z] GET /api/alerts
[2026-04-21T05:09:10.695Z] PATCH /api/alerts/spike%3A69e704bd9cde2086c581b44c/resolve
[2026-04-21T05:09:11.678Z] GET /api/alerts
[2026-04-21T05:09:11.789Z] PATCH /api/alerts/spike%3A69e703be9cde2086c581ae1e/resolve
[2026-04-21T05:09:13.218Z] GET /api/alerts
[2026-04-21T05:09:14.555Z] GET /api/alerts
[2026-04-21T05:09:15.915Z] GET /api/alerts
[2026-04-21T05:09:17.922Z] GET /api/alerts
[2026-04-21T05:09:18.966Z] GET /api/alerts
[2026-04-21T05:09:19.875Z] GET /api/alerts
[2026-04-21T05:09:20.772Z] GET /api/alerts
[2026-04-21T05:09:51.843Z] GET /api/alerts
[2026-04-21T05:10:22.602Z] GET /api/alerts
[2026-04-21T05:10:57.727Z] GET /api/alerts
[2026-04-21T05:11:30.913Z] GET /api/alerts
[2026-04-21T05:12:03.676Z] GET /api/alerts
[2026-04-21T05:12:19.336Z] GET /api/alerts
[2026-04-21T05:12:51.194Z] GET /api/alerts
[2026-04-21T05:12:58.962Z] GET /api/alerts
[2026-04-21T05:13:13.708Z] GET /api/alerts
[2026-04-21T05:14:12.545Z] GET /api/alerts
[socket] client disconnected → QIH575hy7VJGIcCGAAAb (transport close)
[socket] client connected → 2IKxT2DXl9RWDVYjAAAd
[2026-04-21T05:15:24.910Z] GET /api/alerts
[2026-04-21T05:17:04.166Z] GET /api/energy
[socket] client connected → MfNzMdcaI2RC0QZLAAAf
[socket] client disconnected → 2IKxT2DXl9RWDVYjAAAd (transport close)
[socket] client connected → sEhgd2pa3scOFo-0AAAh
[2026-04-21T05:17:11.381Z] GET /api/analysis/latest
[2026-04-21T05:17:11.387Z] GET /api/alerts
[2026-04-21T05:17:11.393Z] GET /api/recommendations
[2026-04-21T05:17:11.398Z] GET /api/energy/peak
[2026-04-21T05:17:11.495Z] GET /api/analysis/latest
[2026-04-21T05:17:11.593Z] GET /api/analysis/latest
[2026-04-21T05:17:11.665Z] GET /api/analysis/latest
[2026-04-21T05:17:11.733Z] GET /api/analysis/latest
[2026-04-21T05:17:13.329Z] GET /api/alerts
[2026-04-21T05:17:15.030Z] GET /api/analysis/latest
[2026-04-21T05:17:15.040Z] GET /api/energy/peak
[2026-04-21T05:17:15.122Z] GET /api/analysis/latest
[2026-04-21T05:17:15.206Z] GET /api/analysis/latest
[2026-04-21T05:17:15.211Z] GET /api/alerts
[2026-04-21T05:17:15.308Z] GET /api/analysis/latest
[2026-04-21T05:17:15.312Z] GET /api/energy/peak
[2026-04-21T05:17:15.413Z] GET /api/analysis/latest
[2026-04-21T05:17:15.528Z] GET /api/analysis/latest
[2026-04-21T05:17:15.709Z] GET /api/analysis/latest
[2026-04-21T05:17:15.900Z] GET /api/analysis/latest
[2026-04-21T05:17:16.913Z] GET /api/alerts
[2026-04-21T05:17:18.484Z] GET /api/analysis/latest
[2026-04-21T05:17:18.494Z] GET /api/energy/peak
[2026-04-21T05:17:18.571Z] GET /api/analysis/latest
[2026-04-21T05:17:18.641Z] GET /api/analysis/latest
[2026-04-21T05:17:18.647Z] GET /api/alerts
[2026-04-21T05:17:18.721Z] GET /api/analysis/latest
[2026-04-21T05:17:20.368Z] GET /api/analysis/latest
[2026-04-21T05:17:20.379Z] GET /api/energy/peak
[2026-04-21T05:17:20.452Z] GET /api/analysis/latest
[2026-04-21T05:17:20.529Z] GET /api/analysis/latest
[2026-04-21T05:17:20.534Z] GET /api/alerts
[2026-04-21T05:17:20.605Z] GET /api/analysis/latest
[2026-04-21T05:17:22.711Z] GET /api/analysis/latest
[2026-04-21T05:17:22.715Z] GET /api/energy/peak
[2026-04-21T05:17:22.805Z] GET /api/analysis/latest
[2026-04-21T05:17:22.904Z] GET /api/analysis/latest
[2026-04-21T05:17:22.909Z] GET /api/alerts
[2026-04-21T05:17:22.979Z] GET /api/analysis/latest
[2026-04-21T05:17:25.416Z] GET /api/analysis/latest
[2026-04-21T05:17:25.421Z] GET /api/energy/peak
[2026-04-21T05:17:25.512Z] GET /api/analysis/latest
[2026-04-21T05:17:25.817Z] GET /api/analysis/latest
[2026-04-21T05:17:25.823Z] GET /api/alerts
[2026-04-21T05:17:25.923Z] GET /api/analysis/latest
[2026-04-21T05:17:26.221Z] GET /api/analysis/latest
[2026-04-21T05:17:26.238Z] GET /api/energy/peak
[2026-04-21T05:17:26.402Z] GET /api/analysis/latest
[2026-04-21T05:17:26.531Z] GET /api/analysis/latest
[2026-04-21T05:17:26.635Z] GET /api/analysis/latest
[2026-04-21T05:17:27.154Z] GET /api/alerts
[2026-04-21T05:17:28.893Z] GET /api/analysis/latest
[2026-04-21T05:17:28.903Z] GET /api/energy/peak
[2026-04-21T05:17:28.979Z] GET /api/analysis/latest
[2026-04-21T05:17:29.043Z] GET /api/analysis/latest
[2026-04-21T05:17:29.048Z] GET /api/alerts
[2026-04-21T05:17:29.127Z] GET /api/analysis/latest
[2026-04-21T05:17:30.368Z] GET /api/analysis/latest
[2026-04-21T05:17:30.377Z] GET /api/energy/peak
[2026-04-21T05:17:30.470Z] GET /api/analysis/latest
[2026-04-21T05:17:30.537Z] GET /api/analysis/latest
[2026-04-21T05:17:30.733Z] GET /api/analysis/latest
[2026-04-21T05:17:31.968Z] GET /api/alerts
[2026-04-21T05:17:33.044Z] GET /api/analysis/latest
[2026-04-21T05:17:33.053Z] GET /api/energy/peak
[2026-04-21T05:17:33.260Z] GET /api/analysis/latest
[2026-04-21T05:17:33.392Z] GET /api/analysis/latest
[2026-04-21T05:17:33.512Z] GET /api/analysis/latest
[2026-04-21T05:17:33.617Z] GET /api/analysis/latest
[2026-04-21T05:17:33.620Z] GET /api/energy/peak
[2026-04-21T05:17:33.704Z] GET /api/analysis/latest
[2026-04-21T05:17:33.796Z] GET /api/analysis/latest
[2026-04-21T05:17:33.904Z] GET /api/analysis/latest
[2026-04-21T05:17:34.615Z] GET /api/alerts
[2026-04-21T05:17:37.006Z] GET /api/alerts
[2026-04-21T05:17:37.292Z] GET /api/analysis/latest
[2026-04-21T05:17:37.297Z] GET /api/energy/peak
[2026-04-21T05:17:37.386Z] GET /api/analysis/latest
[2026-04-21T05:17:37.584Z] GET /api/analysis/latest
[2026-04-21T05:17:37.705Z] GET /api/analysis/latest
[2026-04-21T05:17:37.716Z] GET /api/energy/peak
[2026-04-21T05:17:37.823Z] GET /api/analysis/latest
[2026-04-21T05:17:38.012Z] GET /api/analysis/latest
[2026-04-21T05:17:38.216Z] GET /api/analysis/latest
[2026-04-21T05:17:38.308Z] GET /api/analysis/latest
[2026-04-21T05:17:39.235Z] GET /api/alerts
[2026-04-21T05:17:41.179Z] GET /api/alerts
[2026-04-21T05:17:41.497Z] GET /api/analysis/latest
[2026-04-21T05:17:41.507Z] GET /api/energy/peak
[2026-04-21T05:17:41.702Z] GET /api/analysis/latest
[2026-04-21T05:17:41.818Z] GET /api/analysis/latest
[2026-04-21T05:17:41.888Z] GET /api/analysis/latest
[2026-04-21T05:17:42.773Z] GET /api/analysis/latest
[2026-04-21T05:17:42.782Z] GET /api/energy/peak
[2026-04-21T05:17:42.806Z] GET /api/alerts
[2026-04-21T05:17:42.835Z] GET /api/analysis/latest
[2026-04-21T05:17:42.897Z] GET /api/analysis/latest
[2026-04-21T05:17:43.027Z] GET /api/analysis/latest
[2026-04-21T05:17:44.313Z] GET /api/alerts
[2026-04-21T05:17:45.238Z] GET /api/analysis/latest
[2026-04-21T05:17:45.248Z] GET /api/energy/peak
[2026-04-21T05:17:45.325Z] GET /api/analysis/latest
[2026-04-21T05:17:45.398Z] GET /api/analysis/latest
[2026-04-21T05:17:45.458Z] GET /api/alerts
[2026-04-21T05:17:45.468Z] GET /api/analysis/latest
[2026-04-21T05:17:47.117Z] GET /api/analysis/latest
[2026-04-21T05:17:47.122Z] GET /api/energy/peak
[2026-04-21T05:17:47.188Z] GET /api/analysis/latest
[2026-04-21T05:17:47.246Z] GET /api/analysis/latest
[2026-04-21T05:17:47.255Z] GET /api/alerts
[2026-04-21T05:17:47.304Z] GET /api/analysis/latest
[2026-04-21T05:17:49.209Z] GET /api/analysis/latest
[2026-04-21T05:17:49.215Z] GET /api/energy/peak
[2026-04-21T05:17:49.283Z] GET /api/analysis/latest
[2026-04-21T05:17:49.344Z] GET /api/analysis/latest
[2026-04-21T05:17:49.353Z] GET /api/alerts
[2026-04-21T05:17:49.412Z] GET /api/analysis/latest
[2026-04-21T05:17:50.915Z] GET /api/analysis/latest
[2026-04-21T05:17:50.925Z] GET /api/energy/peak
[2026-04-21T05:17:51.109Z] GET /api/analysis/latest
[2026-04-21T05:17:51.359Z] GET /api/analysis/latest
[2026-04-21T05:17:51.369Z] GET /api/alerts
[2026-04-21T05:17:51.517Z] GET /api/analysis/latest
[2026-04-21T05:17:53.569Z] GET /api/analysis/latest
[2026-04-21T05:17:53.577Z] GET /api/energy/peak
[2026-04-21T05:17:53.667Z] GET /api/analysis/latest
[2026-04-21T05:17:53.735Z] GET /api/analysis/latest
[2026-04-21T05:17:53.741Z] GET /api/alerts
[2026-04-21T05:17:53.873Z] GET /api/analysis/latest
[2026-04-21T05:17:54.797Z] GET /api/analysis/latest
[2026-04-21T05:17:54.806Z] GET /api/energy/peak
[2026-04-21T05:17:54.912Z] GET /api/analysis/latest
[2026-04-21T05:17:55.119Z] GET /api/analysis/latest
[2026-04-21T05:17:55.314Z] GET /api/analysis/latest
[2026-04-21T05:17:55.626Z] GET /api/alerts
[2026-04-21T05:17:57.667Z] GET /api/analysis/latest
[2026-04-21T05:17:57.679Z] GET /api/energy/peak
[2026-04-21T05:17:57.801Z] GET /api/analysis/latest
[2026-04-21T05:17:57.863Z] GET /api/analysis/latest
[2026-04-21T05:17:57.869Z] GET /api/alerts
[2026-04-21T05:17:57.929Z] GET /api/analysis/latest
[2026-04-21T05:17:59.170Z] GET /api/analysis/latest
[2026-04-21T05:17:59.174Z] GET /api/energy/peak
[2026-04-21T05:17:59.247Z] GET /api/analysis/latest
[2026-04-21T05:17:59.351Z] GET /api/analysis/latest
[2026-04-21T05:17:59.368Z] GET /api/alerts
[2026-04-21T05:17:59.414Z] GET /api/analysis/latest
[2026-04-21T05:18:02.526Z] GET /api/analysis/latest
[2026-04-21T05:18:02.535Z] GET /api/energy/peak
[2026-04-21T05:18:02.781Z] GET /api/analysis/latest
[2026-04-21T05:18:02.887Z] GET /api/analysis/latest
[2026-04-21T05:18:02.894Z] GET /api/alerts
[2026-04-21T05:18:02.986Z] GET /api/analysis/latest
[2026-04-21T05:18:03.827Z] GET /api/analysis/latest
[2026-04-21T05:18:03.837Z] GET /api/energy/peak
[2026-04-21T05:18:04.018Z] GET /api/analysis/latest
[2026-04-21T05:18:04.082Z] GET /api/analysis/latest
[2026-04-21T05:18:04.225Z] GET /api/analysis/latest
[2026-04-21T05:18:04.936Z] GET /api/alerts
[2026-04-21T05:18:07.427Z] GET /api/analysis/latest
[2026-04-21T05:18:07.437Z] GET /api/energy/peak
[2026-04-21T05:18:07.496Z] GET /api/analysis/latest
[2026-04-21T05:18:07.559Z] GET /api/analysis/latest
[2026-04-21T05:18:07.564Z] GET /api/alerts
[2026-04-21T05:18:07.620Z] GET /api/analysis/latest
[2026-04-21T05:18:07.757Z] GET /api/analysis/latest
[2026-04-21T05:18:07.766Z] GET /api/energy/peak
[2026-04-21T05:18:07.879Z] GET /api/analysis/latest
[2026-04-21T05:18:07.952Z] GET /api/analysis/latest
[2026-04-21T05:18:08.119Z] GET /api/analysis/latest
[2026-04-21T05:18:08.931Z] GET /api/alerts
[2026-04-21T05:18:10.607Z] GET /api/analysis/latest
[2026-04-21T05:18:10.616Z] GET /api/energy/peak
[2026-04-21T05:18:10.675Z] GET /api/analysis/latest
[2026-04-21T05:18:10.740Z] GET /api/analysis/latest
[2026-04-21T05:18:10.746Z] GET /api/alerts
[2026-04-21T05:18:10.810Z] GET /api/analysis/latest
[2026-04-21T05:18:11.838Z] GET /api/analysis/latest
[2026-04-21T05:18:11.853Z] GET /api/energy/peak
[2026-04-21T05:18:11.904Z] GET /api/analysis/latest
[2026-04-21T05:18:11.971Z] GET /api/analysis/latest
[2026-04-21T05:18:11.978Z] GET /api/alerts
[2026-04-21T05:18:12.035Z] GET /api/analysis/latest
[2026-04-21T05:18:15.203Z] GET /api/analysis/latest
[2026-04-21T05:18:15.219Z] GET /api/energy/peak
[2026-04-21T05:18:15.443Z] GET /api/analysis/latest
[2026-04-21T05:18:15.572Z] GET /api/analysis/latest
[2026-04-21T05:18:15.581Z] GET /api/alerts
[2026-04-21T05:18:15.657Z] GET /api/analysis/latest
[2026-04-21T05:18:16.208Z] GET /api/energy/peak
[2026-04-21T05:18:16.213Z] GET /api/analysis/latest
[2026-04-21T05:18:27.260Z] GET /api/analysis/latest
[2026-04-21T05:18:27.379Z] GET /api/analysis/latest
[2026-04-21T05:18:27.475Z] GET /api/analysis/latest
[2026-04-21T05:18:30.814Z] GET /api/analysis/latest
[2026-04-21T05:18:30.819Z] GET /api/energy/peak
[2026-04-21T05:18:30.947Z] GET /api/analysis/latest
[2026-04-21T05:18:31.166Z] GET /api/analysis/latest
[2026-04-21T05:18:31.177Z] GET /api/energy/peak
[2026-04-21T05:18:31.360Z] GET /api/analysis/latest
[2026-04-21T05:18:31.456Z] GET /api/analysis/latest
[2026-04-21T05:18:31.558Z] GET /api/analysis/latest
[2026-04-21T05:18:31.664Z] GET /api/analysis/latest
[2026-04-21T05:18:31.766Z] GET /api/alerts
[2026-04-21T05:18:31.769Z] GET /api/analysis/latest
[2026-04-21T05:18:34.552Z] GET /api/analysis/latest
[2026-04-21T05:18:34.564Z] GET /api/energy/peak
[2026-04-21T05:18:34.740Z] GET /api/analysis/latest
[2026-04-21T05:18:34.861Z] GET /api/analysis/latest
[2026-04-21T05:18:34.944Z] GET /api/analysis/latest
[2026-04-21T05:18:35.356Z] GET /api/analysis/latest
[2026-04-21T05:18:35.364Z] GET /api/energy/peak
[2026-04-21T05:18:35.435Z] GET /api/analysis/latest
[2026-04-21T05:18:35.554Z] GET /api/analysis/latest
[2026-04-21T05:18:35.666Z] GET /api/analysis/latest
[2026-04-21T05:18:36.376Z] GET /api/alerts
[2026-04-21T05:18:38.430Z] GET /api/analysis/latest
[2026-04-21T05:18:38.436Z] GET /api/energy/peak
[2026-04-21T05:18:38.640Z] GET /api/analysis/latest
[2026-04-21T05:18:38.855Z] GET /api/energy/peak
[2026-04-21T05:18:38.859Z] GET /api/analysis/latest
[2026-04-21T05:18:39.062Z] GET /api/analysis/latest
[2026-04-21T05:18:39.080Z] GET /api/alerts
[2026-04-21T05:18:39.154Z] GET /api/analysis/latest
[2026-04-21T05:18:39.236Z] GET /api/analysis/latest
[2026-04-21T05:18:39.340Z] GET /api/analysis/latest
[2026-04-21T05:18:39.445Z] GET /api/analysis/latest
[2026-04-21T05:18:42.888Z] GET /api/analysis/latest
[2026-04-21T05:18:42.893Z] GET /api/energy/peak
[2026-04-21T05:18:43.038Z] GET /api/analysis/latest
[2026-04-21T05:18:43.121Z] GET /api/analysis/latest
[2026-04-21T05:18:43.232Z] GET /api/analysis/latest
[2026-04-21T05:18:43.759Z] GET /api/analysis/latest
[2026-04-21T05:18:43.766Z] GET /api/energy/peak
[2026-04-21T05:18:44.177Z] GET /api/alerts
[2026-04-21T05:18:44.195Z] GET /api/analysis/latest
[2026-04-21T05:18:44.363Z] GET /api/analysis/latest
[2026-04-21T05:18:44.466Z] GET /api/analysis/latest
[2026-04-21T05:18:47.081Z] GET /api/analysis/latest
[2026-04-21T05:18:47.088Z] GET /api/energy/peak
[2026-04-21T05:18:47.329Z] GET /api/analysis/latest
[2026-04-21T05:18:47.410Z] GET /api/analysis/latest
[2026-04-21T05:18:47.535Z] GET /api/alerts
[2026-04-21T05:18:47.543Z] GET /api/analysis/latest
[2026-04-21T05:18:47.548Z] GET /api/energy/peak
[2026-04-21T05:18:47.635Z] GET /api/analysis/latest
[2026-04-21T05:18:47.706Z] GET /api/analysis/latest
[2026-04-21T05:18:47.904Z] GET /api/analysis/latest
[2026-04-21T05:18:48.047Z] GET /api/analysis/latest
[2026-04-21T05:18:49.489Z] GET /api/alerts
[2026-04-21T05:18:50.392Z] GET /api/analysis/latest
[2026-04-21T05:18:50.401Z] GET /api/energy/peak
[2026-04-21T05:18:50.484Z] GET /api/analysis/latest
[2026-04-21T05:18:50.572Z] GET /api/analysis/latest
[2026-04-21T05:18:50.640Z] GET /api/analysis/latest
[2026-04-21T05:18:50.912Z] GET /api/alerts
[2026-04-21T05:18:51.103Z] GET /api/analysis/latest
[2026-04-21T05:18:51.105Z] GET /api/energy/peak
[2026-04-21T05:18:51.177Z] GET /api/analysis/latest
[2026-04-21T05:18:51.307Z] GET /api/analysis/latest
[2026-04-21T05:18:51.377Z] GET /api/analysis/latest
[2026-04-21T05:18:52.444Z] GET /api/alerts
[2026-04-21T05:18:53.596Z] GET /api/alerts
[2026-04-21T05:18:54.380Z] GET /api/analysis/latest
[2026-04-21T05:18:54.384Z] GET /api/energy/peak
[2026-04-21T05:18:54.451Z] GET /api/analysis/latest
[2026-04-21T05:18:54.545Z] GET /api/analysis/latest
[2026-04-21T05:18:54.658Z] GET /api/analysis/latest
[2026-04-21T05:18:54.772Z] GET /api/alerts
[2026-04-21T05:18:54.835Z] GET /api/analysis/latest
[2026-04-21T05:18:54.840Z] GET /api/energy/peak
[2026-04-21T05:18:54.901Z] GET /api/analysis/latest
[2026-04-21T05:18:54.971Z] GET /api/analysis/latest
[2026-04-21T05:18:55.076Z] GET /api/analysis/latest
[2026-04-21T05:18:56.068Z] GET /api/alerts
[2026-04-21T05:18:57.214Z] GET /api/alerts
[2026-04-21T05:18:58.052Z] GET /api/analysis/latest
[2026-04-21T05:18:58.062Z] GET /api/energy/peak
[2026-04-21T05:18:58.146Z] GET /api/energy/peak
[2026-04-21T05:18:58.149Z] GET /api/analysis/latest
[2026-04-21T05:18:58.204Z] GET /api/alerts
[2026-04-21T05:18:58.220Z] GET /api/analysis/latest
[2026-04-21T05:18:58.289Z] GET /api/analysis/latest
[2026-04-21T05:18:58.394Z] GET /api/analysis/latest
[2026-04-21T05:18:58.472Z] GET /api/analysis/latest
[2026-04-21T05:18:58.539Z] GET /api/analysis/latest
[2026-04-21T05:18:58.619Z] GET /api/analysis/latest
[2026-04-21T05:18:59.310Z] GET /api/alerts
[2026-04-21T05:19:00.537Z] GET /api/alerts
[2026-04-21T05:19:01.541Z] GET /api/alerts
[2026-04-21T05:19:01.940Z] GET /api/analysis/latest
[2026-04-21T05:19:01.950Z] GET /api/energy/peak
[2026-04-21T05:19:02.019Z] GET /api/analysis/latest
[2026-04-21T05:19:02.114Z] GET /api/analysis/latest
[2026-04-21T05:19:02.207Z] GET /api/analysis/latest
[2026-04-21T05:19:02.516Z] GET /api/alerts
[2026-04-21T05:19:03.115Z] GET /api/analysis/latest
[2026-04-21T05:19:03.338Z] GET /api/energy/peak
[2026-04-21T05:19:03.373Z] GET /api/analysis/latest
[2026-04-21T05:19:03.464Z] GET /api/analysis/latest
[2026-04-21T05:19:03.569Z] GET /api/analysis/latest
[2026-04-21T05:19:04.084Z] GET /api/alerts
[2026-04-21T05:19:05.527Z] GET /api/alerts
[2026-04-21T05:19:05.724Z] GET /api/analysis/latest
[2026-04-21T05:19:05.747Z] GET /api/energy/peak
[2026-04-21T05:19:05.867Z] GET /api/analysis/latest
[2026-04-21T05:19:06.036Z] GET /api/analysis/latest
[2026-04-21T05:19:06.207Z] GET /api/analysis/latest
[2026-04-21T05:19:06.857Z] GET /api/alerts
[2026-04-21T05:19:08.114Z] GET /api/alerts
[2026-04-21T05:19:08.213Z] GET /api/analysis/latest
[2026-04-21T05:19:08.220Z] GET /api/energy/peak
[2026-04-21T05:19:08.317Z] GET /api/analysis/latest
[2026-04-21T05:19:08.389Z] GET /api/analysis/latest
[2026-04-21T05:19:08.464Z] GET /api/analysis/latest
[2026-04-21T05:19:09.723Z] GET /api/alerts
[2026-04-21T05:19:09.842Z] GET /api/analysis/latest
[2026-04-21T05:19:09.853Z] GET /api/energy/peak
[2026-04-21T05:19:09.901Z] GET /api/analysis/latest
[2026-04-21T05:19:09.967Z] GET /api/analysis/latest
[2026-04-21T05:19:10.040Z] GET /api/analysis/latest
[2026-04-21T05:19:11.040Z] GET /api/alerts
[2026-04-21T05:19:12.242Z] GET /api/analysis/latest
[2026-04-21T05:19:12.246Z] GET /api/energy/peak
[2026-04-21T05:19:12.310Z] GET /api/analysis/latest
[2026-04-21T05:19:12.385Z] GET /api/analysis/latest
[2026-04-21T05:19:12.395Z] GET /api/alerts
[2026-04-21T05:19:12.461Z] GET /api/analysis/latest
[2026-04-21T05:19:14.932Z] GET /api/analysis/latest
[2026-04-21T05:19:14.942Z] GET /api/energy/peak
[2026-04-21T05:19:15.006Z] GET /api/analysis/latest
[2026-04-21T05:19:15.087Z] GET /api/analysis/latest
[2026-04-21T05:19:15.096Z] GET /api/alerts
[2026-04-21T05:19:15.179Z] GET /api/analysis/latest
[2026-04-21T05:19:15.999Z] GET /api/analysis/latest
[2026-04-21T05:19:16.002Z] GET /api/energy/peak
[2026-04-21T05:19:16.083Z] GET /api/analysis/latest
[2026-04-21T05:19:16.158Z] GET /api/analysis/latest
[2026-04-21T05:19:16.317Z] GET /api/analysis/latest
[2026-04-21T05:19:19.082Z] GET /api/alerts
[2026-04-21T05:19:19.087Z] GET /api/analysis/latest
[2026-04-21T05:19:19.092Z] GET /api/energy/peak
[2026-04-21T05:19:19.282Z] GET /api/analysis/latest
[2026-04-21T05:19:19.483Z] GET /api/analysis/latest
[2026-04-21T05:19:19.582Z] GET /api/analysis/latest
[2026-04-21T05:19:20.251Z] GET /api/analysis/latest
[2026-04-21T05:19:20.263Z] GET /api/energy/peak
[2026-04-21T05:19:20.360Z] GET /api/analysis/latest
[2026-04-21T05:19:20.503Z] GET /api/analysis/latest
[2026-04-21T05:19:20.728Z] GET /api/analysis/latest
[2026-04-21T05:19:21.939Z] GET /api/alerts
[2026-04-21T05:19:23.585Z] GET /api/analysis/latest
[2026-04-21T05:19:23.595Z] GET /api/energy/peak
[2026-04-21T05:19:23.678Z] GET /api/analysis/latest
[2026-04-21T05:19:23.900Z] GET /api/analysis/latest
[2026-04-21T05:19:23.974Z] GET /api/alerts
[2026-04-21T05:19:23.977Z] GET /api/analysis/latest
[2026-04-21T05:19:25.530Z] GET /api/analysis/latest
[2026-04-21T05:19:25.536Z] GET /api/energy/peak
[2026-04-21T05:19:25.651Z] GET /api/analysis/latest
[2026-04-21T05:19:25.837Z] GET /api/analysis/latest
[2026-04-21T05:19:25.932Z] GET /api/analysis/latest
[2026-04-21T05:19:26.432Z] GET /api/alerts
[2026-04-21T05:19:27.058Z] GET /api/analysis/latest
[2026-04-21T05:19:27.067Z] GET /api/energy/peak
[2026-04-21T05:19:27.154Z] GET /api/analysis/latest
[2026-04-21T05:19:27.268Z] GET /api/analysis/latest
[2026-04-21T05:19:27.350Z] GET /api/analysis/latest
[2026-04-21T05:19:27.914Z] GET /api/alerts
[2026-04-21T05:19:29.326Z] GET /api/alerts
[2026-04-21T05:19:29.659Z] GET /api/analysis/latest
[2026-04-21T05:19:29.668Z] GET /api/energy/peak
[2026-04-21T05:19:29.742Z] GET /api/analysis/latest
[2026-04-21T05:19:29.819Z] GET /api/analysis/latest
[2026-04-21T05:19:29.905Z] GET /api/analysis/latest
[2026-04-21T05:19:30.869Z] GET /api/alerts
[2026-04-21T05:19:31.847Z] GET /api/analysis/latest
[2026-04-21T05:19:31.850Z] GET /api/energy/peak
[2026-04-21T05:19:31.968Z] GET /api/analysis/latest
[2026-04-21T05:19:32.108Z] GET /api/analysis/latest
[2026-04-21T05:19:32.185Z] GET /api/analysis/latest
[2026-04-21T05:19:32.426Z] GET /api/alerts
[2026-04-21T05:19:33.135Z] GET /api/analysis/latest
[2026-04-21T05:19:33.140Z] GET /api/energy/peak
[2026-04-21T05:19:33.232Z] GET /api/analysis/latest
[2026-04-21T05:19:33.312Z] GET /api/analysis/latest
[2026-04-21T05:19:33.468Z] GET /api/analysis/latest
[2026-04-21T05:19:33.891Z] GET /api/alerts
[2026-04-21T05:19:35.656Z] GET /api/alerts
[2026-04-21T05:19:36.759Z] GET /api/analysis/latest
[2026-04-21T05:19:36.771Z] GET /api/energy/peak
[2026-04-21T05:19:37.051Z] GET /api/analysis/latest
[2026-04-21T05:19:37.072Z] GET /api/energy/peak
[2026-04-21T05:19:37.245Z] GET /api/analysis/latest
[2026-04-21T05:19:37.319Z] GET /api/analysis/latest
[2026-04-21T05:19:37.403Z] GET /api/analysis/latest
[2026-04-21T05:19:37.481Z] GET /api/analysis/latest
[2026-04-21T05:19:37.565Z] GET /api/analysis/latest
[2026-04-21T05:19:37.703Z] GET /api/analysis/latest
[2026-04-21T05:19:37.811Z] GET /api/alerts
[2026-04-21T05:19:39.410Z] GET /api/alerts
[2026-04-21T05:19:41.336Z] GET /api/analysis/latest
[2026-04-21T05:19:41.345Z] GET /api/energy/peak
[2026-04-21T05:19:41.433Z] GET /api/analysis/latest
[2026-04-21T05:19:41.502Z] GET /api/analysis/latest
[2026-04-21T05:19:41.506Z] GET /api/alerts
[2026-04-21T05:19:41.558Z] GET /api/energy/peak
[2026-04-21T05:19:41.568Z] GET /api/analysis/latest
[2026-04-21T05:19:41.627Z] GET /api/analysis/latest
[2026-04-21T05:19:41.701Z] GET /api/analysis/latest
[2026-04-21T05:19:41.779Z] GET /api/analysis/latest
[2026-04-21T05:19:41.863Z] GET /api/analysis/latest
[socket] client disconnected → sEhgd2pa3scOFo-0AAAh (transport close)
[socket] client connected → a5oZetGvIk4jVDWPAAAj
[2026-04-21T05:19:42.702Z] GET /api/analysis/latest
[2026-04-21T05:19:42.706Z] GET /api/alerts
[2026-04-21T05:19:42.708Z] GET /api/recommendations
[2026-04-21T05:19:42.712Z] GET /api/energy/peak
[2026-04-21T05:19:42.839Z] GET /api/analysis/latest
[2026-04-21T05:19:43.045Z] GET /api/analysis/latest
[2026-04-21T05:19:43.120Z] GET /api/analysis/latest
[2026-04-21T05:19:46.550Z] GET /api/analysis/latest
[2026-04-21T05:19:46.553Z] GET /api/energy/peak
[2026-04-21T05:19:47.033Z] GET /api/analysis/latest
[2026-04-21T05:19:47.043Z] GET /api/energy/peak
[2026-04-21T05:19:47.238Z] GET /api/analysis/latest
[2026-04-21T05:19:47.312Z] GET /api/analysis/latest
[2026-04-21T05:19:47.444Z] GET /api/alerts
[2026-04-21T05:19:47.446Z] GET /api/analysis/latest
[2026-04-21T05:19:47.560Z] GET /api/analysis/latest
[2026-04-21T05:19:50.720Z] GET /api/analysis/latest
[2026-04-21T05:19:50.729Z] GET /api/energy/peak
[2026-04-21T05:19:50.797Z] GET /api/analysis/latest
[2026-04-21T05:19:50.873Z] GET /api/analysis/latest
[2026-04-21T05:19:50.879Z] GET /api/alerts
[2026-04-21T05:19:51.022Z] GET /api/analysis/latest
[2026-04-21T05:19:51.720Z] GET /api/analysis/latest
[2026-04-21T05:19:51.725Z] GET /api/energy/peak
[2026-04-21T05:19:51.848Z] GET /api/analysis/latest
[2026-04-21T05:19:52.048Z] GET /api/analysis/latest
[2026-04-21T05:19:52.149Z] GET /api/analysis/latest
[2026-04-21T05:19:53.485Z] GET /api/alerts
[2026-04-21T05:19:53.892Z] GET /api/analysis/latest
[2026-04-21T05:19:53.901Z] GET /api/energy/peak
[2026-04-21T05:19:53.987Z] GET /api/analysis/latest
[2026-04-21T05:19:54.216Z] GET /api/analysis/latest
[2026-04-21T05:19:54.512Z] GET /api/analysis/latest
[2026-04-21T05:19:55.405Z] GET /api/alerts
[2026-04-21T05:19:56.043Z] GET /api/analysis/latest
[2026-04-21T05:19:56.054Z] GET /api/energy/peak
[2026-04-21T05:19:56.163Z] GET /api/analysis/latest
[2026-04-21T05:19:56.241Z] GET /api/analysis/latest
[2026-04-21T05:19:56.348Z] GET /api/analysis/latest
[2026-04-21T05:19:57.180Z] GET /api/alerts
[2026-04-21T05:19:58.195Z] GET /api/analysis/latest
[2026-04-21T05:19:58.197Z] GET /api/energy/peak
[2026-04-21T05:19:58.293Z] GET /api/analysis/latest
[2026-04-21T05:19:58.389Z] GET /api/analysis/latest
[2026-04-21T05:19:58.471Z] GET /api/analysis/latest
[2026-04-21T05:19:59.476Z] GET /api/alerts
[2026-04-21T05:20:00.745Z] GET /api/analysis/latest
[2026-04-21T05:20:00.748Z] GET /api/energy/peak
[2026-04-21T05:20:00.882Z] GET /api/analysis/latest
[2026-04-21T05:20:00.972Z] GET /api/analysis/latest
[2026-04-21T05:20:01.057Z] GET /api/analysis/latest
[2026-04-21T05:20:01.257Z] GET /api/alerts
[2026-04-21T05:20:02.750Z] GET /api/analysis/latest
[2026-04-21T05:20:02.756Z] GET /api/energy/peak
[2026-04-21T05:20:02.840Z] GET /api/analysis/latest
[2026-04-21T05:20:02.914Z] GET /api/analysis/latest
[2026-04-21T05:20:02.918Z] GET /api/alerts
[2026-04-21T05:20:02.986Z] GET /api/analysis/latest
[2026-04-21T05:20:04.297Z] GET /api/analysis/latest
[2026-04-21T05:20:04.306Z] GET /api/energy/peak
[2026-04-21T05:20:04.392Z] GET /api/analysis/latest
[2026-04-21T05:20:04.465Z] GET /api/analysis/latest
[2026-04-21T05:20:04.534Z] GET /api/alerts
[2026-04-21T05:20:04.547Z] GET /api/analysis/latest
[2026-04-21T05:20:06.783Z] GET /api/analysis/latest
[2026-04-21T05:20:06.793Z] GET /api/energy/peak
[2026-04-21T05:20:06.866Z] GET /api/analysis/latest
[2026-04-21T05:20:06.995Z] GET /api/analysis/latest
[2026-04-21T05:20:07.000Z] GET /api/alerts
[2026-04-21T05:20:07.083Z] GET /api/analysis/latest
[2026-04-21T05:20:07.711Z] GET /api/analysis/latest
[2026-04-21T05:20:07.715Z] GET /api/energy/peak
[2026-04-21T05:20:07.801Z] GET /api/analysis/latest
[2026-04-21T05:20:07.881Z] GET /api/analysis/latest
[2026-04-21T05:20:07.975Z] GET /api/analysis/latest
[2026-04-21T05:20:09.457Z] GET /api/alerts
[2026-04-21T05:20:11.794Z] GET /api/analysis/latest
[2026-04-21T05:20:11.803Z] GET /api/energy/peak
[2026-04-21T05:20:12.042Z] GET /api/analysis/latest
[2026-04-21T05:20:12.052Z] GET /api/energy/peak
[2026-04-21T05:20:12.147Z] GET /api/analysis/latest
[2026-04-21T05:20:12.343Z] GET /api/analysis/latest
[2026-04-21T05:20:12.541Z] GET /api/analysis/latest
[2026-04-21T05:20:12.552Z] GET /api/alerts
[2026-04-21T05:20:12.734Z] GET /api/analysis/latest
[2026-04-21T05:20:12.944Z] GET /api/analysis/latest
[2026-04-21T05:20:13.212Z] GET /api/analysis/latest
[2026-04-21T05:20:15.426Z] GET /api/alerts
[2026-04-21T05:20:15.612Z] GET /api/analysis/latest
[2026-04-21T05:20:15.617Z] GET /api/energy/peak
[2026-04-21T05:20:15.900Z] GET /api/analysis/latest
[2026-04-21T05:20:15.993Z] GET /api/analysis/latest
[2026-04-21T05:20:16.285Z] GET /api/analysis/latest
[2026-04-21T05:20:17.045Z] GET /api/analysis/latest
[2026-04-21T05:20:17.055Z] GET /api/energy/peak
[2026-04-21T05:20:17.155Z] GET /api/analysis/latest
[2026-04-21T05:20:17.241Z] GET /api/analysis/latest
[2026-04-21T05:20:17.327Z] GET /api/analysis/latest
[2026-04-21T05:20:17.910Z] GET /api/alerts
[2026-04-21T05:20:19.577Z] GET /api/analysis/latest
[2026-04-21T05:20:19.587Z] GET /api/energy/peak
[2026-04-21T05:20:19.699Z] GET /api/analysis/latest
[2026-04-21T05:20:19.863Z] GET /api/analysis/latest
[2026-04-21T05:20:19.940Z] GET /api/alerts
[2026-04-21T05:20:19.963Z] GET /api/analysis/latest
[2026-04-21T05:20:21.464Z] GET /api/analysis/latest
[2026-04-21T05:20:21.475Z] GET /api/energy/peak
[2026-04-21T05:20:21.754Z] GET /api/analysis/latest
[2026-04-21T05:20:22.028Z] GET /api/analysis/latest
[2026-04-21T05:20:22.257Z] GET /api/analysis/latest
[2026-04-21T05:20:22.685Z] GET /api/alerts
[2026-04-21T05:20:23.278Z] GET /api/analysis/latest
[2026-04-21T05:20:23.287Z] GET /api/energy/peak
[2026-04-21T05:20:23.419Z] GET /api/analysis/latest
[2026-04-21T05:20:23.565Z] GET /api/analysis/latest
[2026-04-21T05:20:23.698Z] GET /api/analysis/latest
[2026-04-21T05:20:24.892Z] GET /api/alerts
[2026-04-21T05:20:25.294Z] GET /api/analysis/latest
[2026-04-21T05:20:25.304Z] GET /api/energy/peak
[2026-04-21T05:20:25.370Z] GET /api/analysis/latest
[2026-04-21T05:20:25.520Z] GET /api/analysis/latest
[2026-04-21T05:20:25.618Z] GET /api/analysis/latest
[2026-04-21T05:20:26.629Z] GET /api/analysis/latest
[2026-04-21T05:20:26.639Z] GET /api/energy/peak
[2026-04-21T05:20:26.716Z] GET /api/alerts
[2026-04-21T05:20:26.737Z] GET /api/analysis/latest
[2026-04-21T05:20:26.813Z] GET /api/analysis/latest
[2026-04-21T05:20:26.896Z] GET /api/analysis/latest
[2026-04-21T05:20:28.376Z] GET /api/alerts
[2026-04-21T05:20:29.767Z] GET /api/alerts
[2026-04-21T05:20:30.384Z] GET /api/analysis/latest
[2026-04-21T05:20:30.394Z] GET /api/energy/peak
[2026-04-21T05:20:30.476Z] GET /api/analysis/latest
[2026-04-21T05:20:30.556Z] GET /api/analysis/latest
[2026-04-21T05:20:30.715Z] GET /api/analysis/latest
[2026-04-21T05:20:31.489Z] GET /api/alerts
[2026-04-21T05:20:31.837Z] GET /api/analysis/latest
[2026-04-21T05:20:31.841Z] GET /api/energy/peak
[2026-04-21T05:20:31.915Z] GET /api/analysis/latest
[2026-04-21T05:20:32.047Z] GET /api/analysis/latest
[2026-04-21T05:20:32.131Z] GET /api/analysis/latest
[2026-04-21T05:20:32.992Z] GET /api/alerts
[2026-04-21T05:20:34.336Z] GET /api/analysis/latest
[2026-04-21T05:20:34.344Z] GET /api/energy/peak
[2026-04-21T05:20:34.500Z] GET /api/analysis/latest
[2026-04-21T05:20:34.601Z] GET /api/analysis/latest
[2026-04-21T05:20:34.687Z] GET /api/analysis/latest
[2026-04-21T05:20:35.010Z] GET /api/alerts
[2026-04-21T05:20:36.277Z] GET /api/analysis/latest
[2026-04-21T05:20:36.288Z] GET /api/energy/peak
[2026-04-21T05:20:36.389Z] GET /api/analysis/latest
[2026-04-21T05:20:36.481Z] GET /api/analysis/latest
[2026-04-21T05:20:36.488Z] GET /api/alerts
[2026-04-21T05:20:36.566Z] GET /api/analysis/latest
[2026-04-21T05:20:37.937Z] GET /api/analysis/latest
[2026-04-21T05:20:37.947Z] GET /api/energy/peak
[2026-04-21T05:20:38.027Z] GET /api/analysis/latest
[2026-04-21T05:20:38.105Z] GET /api/analysis/latest
[2026-04-21T05:20:38.187Z] GET /api/analysis/latest
[2026-04-21T05:20:38.325Z] GET /api/alerts
[2026-04-21T05:20:41.265Z] GET /api/analysis/latest
[2026-04-21T05:20:41.269Z] GET /api/energy/peak
[2026-04-21T05:20:41.365Z] GET /api/analysis/latest
[2026-04-21T05:20:41.455Z] GET /api/analysis/latest
[2026-04-21T05:20:41.463Z] GET /api/alerts
[2026-04-21T05:20:41.552Z] GET /api/analysis/latest
[2026-04-21T05:20:41.790Z] GET /api/analysis/latest
[2026-04-21T05:20:41.820Z] GET /api/energy/peak
[2026-04-21T05:20:41.882Z] GET /api/analysis/latest
[2026-04-21T05:20:41.972Z] GET /api/analysis/latest
[2026-04-21T05:20:42.047Z] GET /api/analysis/latest
[2026-04-21T05:20:42.971Z] GET /api/alerts
[2026-04-21T05:20:44.912Z] GET /api/analysis/latest
[2026-04-21T05:20:44.920Z] GET /api/energy/peak
[2026-04-21T05:20:45.005Z] GET /api/analysis/latest
[2026-04-21T05:20:45.084Z] GET /api/analysis/latest
[2026-04-21T05:20:45.090Z] GET /api/alerts
[2026-04-21T05:20:45.160Z] GET /api/analysis/latest
[2026-04-21T05:20:45.458Z] GET /api/analysis/latest
[2026-04-21T05:20:45.468Z] GET /api/energy/peak
[2026-04-21T05:20:45.559Z] GET /api/analysis/latest
[2026-04-21T05:20:45.640Z] GET /api/analysis/latest
[2026-04-21T05:20:45.730Z] GET /api/analysis/latest
[2026-04-21T05:20:46.778Z] GET /api/alerts
[2026-04-21T05:20:49.085Z] GET /api/analysis/latest
[2026-04-21T05:20:49.089Z] GET /api/energy/peak
[2026-04-21T05:20:49.152Z] GET /api/analysis/latest
[2026-04-21T05:20:49.177Z] GET /api/energy/peak
[2026-04-21T05:20:49.222Z] GET /api/analysis/latest
[2026-04-21T05:20:49.228Z] GET /api/alerts
[2026-04-21T05:20:49.291Z] GET /api/analysis/latest
[2026-04-21T05:20:49.378Z] GET /api/analysis/latest
[2026-04-21T05:20:49.450Z] GET /api/analysis/latest
[2026-04-21T05:20:49.599Z] GET /api/analysis/latest
[2026-04-21T05:20:49.675Z] GET /api/analysis/latest
[2026-04-21T05:20:50.486Z] GET /api/alerts
[2026-04-21T05:20:52.978Z] GET /api/analysis/latest
[2026-04-21T05:20:52.987Z] GET /api/energy/peak
[2026-04-21T05:20:53.281Z] GET /api/analysis/latest
[2026-04-21T05:20:53.290Z] GET /api/energy/peak
[2026-04-21T05:20:53.482Z] GET /api/analysis/latest
[2026-04-21T05:20:53.490Z] GET /api/alerts
[2026-04-21T05:20:53.692Z] GET /api/analysis/latest
[2026-04-21T05:20:53.906Z] GET /api/analysis/latest
[2026-04-21T05:20:54.104Z] GET /api/analysis/latest
[2026-04-21T05:20:54.310Z] GET /api/analysis/latest
[2026-04-21T05:20:54.530Z] GET /api/analysis/latest
[2026-04-21T05:20:56.505Z] GET /api/alerts
[2026-04-21T05:20:57.071Z] GET /api/analysis/latest
[2026-04-21T05:20:57.081Z] GET /api/energy/peak
[2026-04-21T05:20:57.296Z] GET /api/analysis/latest
[2026-04-21T05:20:57.531Z] GET /api/analysis/latest
[2026-04-21T05:20:57.718Z] GET /api/energy/peak
[2026-04-21T05:20:57.727Z] GET /api/analysis/latest
[2026-04-21T05:20:57.841Z] GET /api/analysis/latest
[2026-04-21T05:20:58.007Z] GET /api/analysis/latest
[2026-04-21T05:20:58.098Z] GET /api/analysis/latest
[2026-04-21T05:20:58.197Z] GET /api/analysis/latest
[2026-04-21T05:20:58.508Z] GET /api/alerts
[2026-04-21T05:20:59.989Z] GET /api/alerts
[2026-04-21T05:21:01.300Z] GET /api/analysis/latest
[2026-04-21T05:21:01.310Z] GET /api/energy/peak
[2026-04-21T05:21:01.373Z] GET /api/analysis/latest
[2026-04-21T05:21:01.432Z] GET /api/analysis/latest
[2026-04-21T05:21:01.438Z] GET /api/alerts
[2026-04-21T05:21:01.501Z] GET /api/analysis/latest
[2026-04-21T05:21:01.713Z] GET /api/analysis/latest
[2026-04-21T05:21:01.719Z] GET /api/energy/peak
[2026-04-21T05:21:01.830Z] GET /api/analysis/latest
[2026-04-21T05:21:01.904Z] GET /api/analysis/latest
[2026-04-21T05:21:01.976Z] GET /api/analysis/latest
[socket] client disconnected → LUCSRMOv1oIFKaVWAAAD (transport close)
[socket] client disconnected → TEujMil_gJESOLPoAAAF (transport close)
[socket] client disconnected → yursZwa2iMeNaumqAAAX (transport close)
[socket] client disconnected → 9dgNr9MUIoyDpBuiAAAT (transport close)
[socket] client disconnected → 4L6PMazxjjjiEJMmAAAH (transport close)
[socket] client disconnected → A89vAtCk7d6hM69kAAAR (transport close)
[socket] client disconnected → jUsSl0EJjbDsT4l4AAAL (transport close)
[socket] client disconnected → MfNzMdcaI2RC0QZLAAAf (transport close)
[socket] client disconnected → iPMnHsNYDamby5u1AAAP (transport close)
[socket] client disconnected → dH5RWMYQeByXSNydAAAV (transport close)
[socket] client disconnected → 3zxrtuUo5PSBi_HFAAAN (transport close)
[socket] client disconnected → g-kyMcq2BeJH_1QDAAAJ (transport close)
[2026-04-21T05:21:02.852Z] GET /api/alerts
[socket] client disconnected → a5oZetGvIk4jVDWPAAAj (transport close)
[socket] client connected → nMl0Zui5yGFUl8QlAAAl
[socket] client connected → Sa5JRz8VxchBzPhPAAAn
[2026-04-21T05:22:34.585Z] GET /api/analysis/latest
[2026-04-21T05:22:34.594Z] GET /api/alerts
[2026-04-21T05:22:34.599Z] GET /api/recommendations
[2026-04-21T05:22:34.603Z] GET /api/energy/peak
[2026-04-21T05:22:34.771Z] GET /api/analysis/latest
[2026-04-21T05:22:34.873Z] GET /api/analysis/latest
[2026-04-21T05:22:34.977Z] GET /api/analysis/latest
[2026-04-21T05:22:36.303Z] GET /api/analysis/latest
[2026-04-21T05:22:36.314Z] GET /api/energy/peak
[2026-04-21T05:22:36.405Z] GET /api/analysis/latest
[2026-04-21T05:22:36.483Z] GET /api/analysis/latest
[2026-04-21T05:22:36.614Z] GET /api/alerts
[2026-04-21T05:22:38.985Z] GET /api/analysis/latest
[2026-04-21T05:22:38.991Z] GET /api/energy/peak
[2026-04-21T05:22:39.058Z] GET /api/analysis/latest
[2026-04-21T05:22:39.135Z] GET /api/analysis/latest
[2026-04-21T05:22:39.144Z] GET /api/alerts
[2026-04-21T05:22:39.203Z] GET /api/analysis/latest
[2026-04-21T05:22:40.745Z] GET /api/analysis/latest
[2026-04-21T05:22:40.761Z] GET /api/energy/peak
[2026-04-21T05:22:40.825Z] GET /api/analysis/latest
[2026-04-21T05:22:40.881Z] GET /api/analysis/latest
[2026-04-21T05:22:40.888Z] GET /api/alerts
[2026-04-21T05:22:40.959Z] GET /api/analysis/latest
[2026-04-21T05:22:43.813Z] GET /api/analysis/latest
[2026-04-21T05:22:43.824Z] GET /api/energy/peak
[2026-04-21T05:22:43.886Z] GET /api/analysis/latest
[2026-04-21T05:22:43.967Z] GET /api/analysis/latest
[2026-04-21T05:22:43.972Z] GET /api/alerts
[2026-04-21T05:22:44.030Z] GET /api/analysis/latest
[2026-04-21T05:22:44.320Z] GET /api/analysis/latest
[2026-04-21T05:22:44.330Z] GET /api/energy/peak
[2026-04-21T05:22:44.405Z] GET /api/analysis/latest
[2026-04-21T05:22:44.493Z] GET /api/analysis/latest
[2026-04-21T05:22:44.572Z] GET /api/analysis/latest
[2026-04-21T05:22:45.514Z] GET /api/alerts
[2026-04-21T05:22:47.458Z] GET /api/analysis/latest
[2026-04-21T05:22:47.463Z] GET /api/energy/peak
[2026-04-21T05:22:47.560Z] GET /api/analysis/latest
[2026-04-21T05:22:47.630Z] GET /api/analysis/latest
[2026-04-21T05:22:47.636Z] GET /api/alerts
[2026-04-21T05:22:47.764Z] GET /api/analysis/latest
[2026-04-21T05:22:49.210Z] GET /api/analysis/latest
[2026-04-21T05:22:49.214Z] GET /api/energy/peak
[2026-04-21T05:22:49.271Z] GET /api/analysis/latest
[2026-04-21T05:22:49.336Z] GET /api/analysis/latest
[2026-04-21T05:22:49.341Z] GET /api/alerts
[2026-04-21T05:22:49.408Z] GET /api/analysis/latest
[2026-04-21T05:22:51.823Z] GET /api/analysis/latest
[2026-04-21T05:22:51.838Z] GET /api/energy/peak
[2026-04-21T05:22:51.924Z] GET /api/analysis/latest
[2026-04-21T05:22:52.004Z] GET /api/analysis/latest
[2026-04-21T05:22:52.013Z] GET /api/alerts
[2026-04-21T05:22:52.062Z] GET /api/analysis/latest
[2026-04-21T05:22:54.118Z] GET /api/analysis/latest
[2026-04-21T05:22:54.128Z] GET /api/energy/peak
[2026-04-21T05:22:54.200Z] GET /api/analysis/latest
[2026-04-21T05:22:54.272Z] GET /api/analysis/latest
[2026-04-21T05:22:54.281Z] GET /api/alerts
[2026-04-21T05:22:54.421Z] GET /api/analysis/latest
[2026-04-21T05:22:55.654Z] GET /api/analysis/latest
[2026-04-21T05:22:55.658Z] GET /api/energy/peak
[2026-04-21T05:22:55.767Z] GET /api/analysis/latest
[2026-04-21T05:22:55.954Z] GET /api/analysis/latest
[2026-04-21T05:22:55.961Z] GET /api/alerts
[2026-04-21T05:22:56.058Z] GET /api/analysis/latest
[2026-04-21T05:22:58.765Z] GET /api/analysis/latest
[2026-04-21T05:22:58.771Z] GET /api/energy/peak
[2026-04-21T05:22:58.834Z] GET /api/analysis/latest
[2026-04-21T05:22:58.930Z] GET /api/analysis/latest
[2026-04-21T05:22:58.937Z] GET /api/alerts
[2026-04-21T05:22:59.028Z] GET /api/analysis/latest
[2026-04-21T05:22:59.862Z] GET /api/analysis/latest
[2026-04-21T05:22:59.867Z] GET /api/energy/peak
[2026-04-21T05:22:59.963Z] GET /api/analysis/latest
[2026-04-21T05:23:00.040Z] GET /api/analysis/latest
[2026-04-21T05:23:00.156Z] GET /api/analysis/latest
[2026-04-21T05:23:00.327Z] GET /api/alerts
[2026-04-21T05:23:02.299Z] GET /api/analysis/latest
[2026-04-21T05:23:02.314Z] GET /api/energy/peak
[2026-04-21T05:23:02.380Z] GET /api/analysis/latest
[2026-04-21T05:23:02.452Z] GET /api/analysis/latest
[2026-04-21T05:23:02.460Z] GET /api/alerts
[2026-04-21T05:23:02.512Z] GET /api/analysis/latest
[2026-04-21T05:23:04.874Z] GET /api/analysis/latest
[2026-04-21T05:23:04.881Z] GET /api/energy/peak
[2026-04-21T05:23:05.090Z] GET /api/analysis/latest
[2026-04-21T05:23:05.274Z] GET /api/analysis/latest
[2026-04-21T05:23:05.282Z] GET /api/alerts
[2026-04-21T05:23:05.378Z] GET /api/analysis/latest
[2026-04-21T05:23:07.430Z] GET /api/analysis/latest
[2026-04-21T05:23:07.434Z] GET /api/energy/peak
[2026-04-21T05:23:07.526Z] GET /api/analysis/latest
[2026-04-21T05:23:07.620Z] GET /api/analysis/latest
[2026-04-21T05:23:07.627Z] GET /api/alerts
[2026-04-21T05:23:07.732Z] GET /api/analysis/latest
[2026-04-21T05:23:09.988Z] GET /api/analysis/latest
[2026-04-21T05:23:09.999Z] GET /api/energy/peak
[2026-04-21T05:23:10.171Z] GET /api/analysis/latest
[2026-04-21T05:23:10.254Z] GET /api/analysis/latest
[2026-04-21T05:23:10.268Z] GET /api/alerts
[2026-04-21T05:23:10.395Z] GET /api/analysis/latest
[2026-04-21T05:23:12.652Z] GET /api/analysis/latest
[2026-04-21T05:23:12.662Z] GET /api/energy/peak
[2026-04-21T05:23:12.735Z] GET /api/analysis/latest
[2026-04-21T05:23:12.802Z] GET /api/analysis/latest
[2026-04-21T05:23:12.809Z] GET /api/alerts
[2026-04-21T05:23:12.988Z] GET /api/analysis/latest
[2026-04-21T05:23:14.558Z] GET /api/analysis/latest
[2026-04-21T05:23:14.562Z] GET /api/energy/peak
[2026-04-21T05:23:14.701Z] GET /api/analysis/latest
[2026-04-21T05:23:14.776Z] GET /api/analysis/latest
[2026-04-21T05:23:14.782Z] GET /api/alerts
[2026-04-21T05:23:14.909Z] GET /api/analysis/latest
[2026-04-21T05:23:17.872Z] GET /api/analysis/latest
[2026-04-21T05:23:17.875Z] GET /api/energy/peak
[2026-04-21T05:23:17.936Z] GET /api/analysis/latest
[2026-04-21T05:23:18.029Z] GET /api/analysis/latest
[2026-04-21T05:23:18.036Z] GET /api/alerts
[2026-04-21T05:23:18.100Z] GET /api/analysis/latest
[2026-04-21T05:23:18.891Z] GET /api/analysis/latest
[2026-04-21T05:23:18.897Z] GET /api/energy/peak
[2026-04-21T05:23:18.954Z] GET /api/analysis/latest
[2026-04-21T05:23:19.031Z] GET /api/analysis/latest
[2026-04-21T05:23:19.106Z] GET /api/analysis/latest
[2026-04-21T05:23:19.209Z] GET /api/alerts
[2026-04-21T05:23:22.098Z] GET /api/analysis/latest
[2026-04-21T05:23:22.121Z] GET /api/energy/peak
[2026-04-21T05:23:22.277Z] GET /api/analysis/latest
[2026-04-21T05:23:22.355Z] GET /api/analysis/latest
[2026-04-21T05:23:22.363Z] GET /api/alerts
[2026-04-21T05:23:22.482Z] GET /api/analysis/latest
[2026-04-21T05:23:22.706Z] GET /api/analysis/latest
[2026-04-21T05:23:22.723Z] GET /api/energy/peak
[2026-04-21T05:23:22.893Z] GET /api/analysis/latest
[2026-04-21T05:23:22.964Z] GET /api/analysis/latest
[2026-04-21T05:23:23.115Z] GET /api/analysis/latest
[2026-04-21T05:23:24.125Z] GET /api/alerts
[2026-04-21T05:23:25.648Z] GET /api/analysis/latest
[2026-04-21T05:23:25.653Z] GET /api/energy/peak
[2026-04-21T05:23:25.713Z] GET /api/analysis/latest
[2026-04-21T05:23:25.802Z] GET /api/analysis/latest
[2026-04-21T05:23:25.812Z] GET /api/alerts
[2026-04-21T05:23:25.870Z] GET /api/analysis/latest
[2026-04-21T05:23:27.249Z] GET /api/analysis/latest
[2026-04-21T05:23:27.259Z] GET /api/energy/peak
[2026-04-21T05:23:27.342Z] GET /api/analysis/latest
[2026-04-21T05:23:27.403Z] GET /api/analysis/latest
[2026-04-21T05:23:27.409Z] GET /api/alerts
[2026-04-21T05:23:27.480Z] GET /api/analysis/latest
[2026-04-21T05:23:29.755Z] GET /api/analysis/latest
[2026-04-21T05:23:29.760Z] GET /api/energy/peak
[2026-04-21T05:23:29.852Z] GET /api/analysis/latest
[2026-04-21T05:23:29.937Z] GET /api/analysis/latest
[2026-04-21T05:23:30.071Z] GET /api/analysis/latest
[2026-04-21T05:23:30.110Z] GET /api/alerts
[2026-04-21T05:23:30.538Z] GET /api/analysis/latest
[2026-04-21T05:23:30.597Z] GET /api/energy/peak
[2026-04-21T05:23:30.725Z] GET /api/analysis/latest
[2026-04-21T05:23:30.885Z] GET /api/analysis/latest
[2026-04-21T05:23:30.989Z] GET /api/analysis/latest
[2026-04-21T05:23:31.599Z] GET /api/alerts
[2026-04-21T05:23:33.028Z] GET /api/analysis/latest
[2026-04-21T05:23:33.034Z] GET /api/energy/peak
[2026-04-21T05:23:33.107Z] GET /api/analysis/latest
[2026-04-21T05:23:33.293Z] GET /api/analysis/latest
[2026-04-21T05:23:33.304Z] GET /api/alerts
[2026-04-21T05:23:33.363Z] GET /api/analysis/latest
[2026-04-21T05:23:34.937Z] GET /api/analysis/latest
[2026-04-21T05:23:34.959Z] GET /api/energy/peak
[2026-04-21T05:23:35.018Z] GET /api/analysis/latest
[2026-04-21T05:23:35.092Z] GET /api/analysis/latest
[2026-04-21T05:23:35.100Z] GET /api/alerts
[2026-04-21T05:23:35.178Z] GET /api/analysis/latest
[2026-04-21T05:23:36.816Z] GET /api/analysis/latest
[2026-04-21T05:23:36.820Z] GET /api/energy/peak
[2026-04-21T05:23:36.921Z] GET /api/analysis/latest
[2026-04-21T05:23:37.016Z] GET /api/analysis/latest
[2026-04-21T05:23:37.039Z] GET /api/alerts
[2026-04-21T05:23:37.087Z] GET /api/analysis/latest
[2026-04-21T05:23:39.502Z] GET /api/analysis/latest
[2026-04-21T05:23:39.505Z] GET /api/energy/peak
[2026-04-21T05:23:39.568Z] GET /api/analysis/latest
[2026-04-21T05:23:39.627Z] GET /api/analysis/latest
[2026-04-21T05:23:39.634Z] GET /api/alerts
[2026-04-21T05:23:39.696Z] GET /api/analysis/latest
[2026-04-21T05:23:40.118Z] GET /api/analysis/latest
[2026-04-21T05:23:40.143Z] GET /api/energy/peak
[2026-04-21T05:23:40.205Z] GET /api/analysis/latest
[2026-04-21T05:23:40.275Z] GET /api/analysis/latest
[2026-04-21T05:23:40.353Z] GET /api/analysis/latest
[2026-04-21T05:23:40.706Z] GET /api/alerts
[2026-04-21T05:23:43.988Z] GET /api/analysis/latest
[2026-04-21T05:23:43.996Z] GET /api/energy/peak
[2026-04-21T05:23:44.187Z] GET /api/analysis/latest
[2026-04-21T05:23:44.397Z] GET /api/analysis/latest
[2026-04-21T05:23:44.410Z] GET /api/alerts
[2026-04-21T05:23:44.590Z] GET /api/analysis/latest
[2026-04-21T05:23:44.707Z] GET /api/analysis/latest
[2026-04-21T05:23:44.712Z] GET /api/energy/peak
[2026-04-21T05:23:44.801Z] GET /api/analysis/latest
[2026-04-21T05:23:45.017Z] GET /api/analysis/latest
[2026-04-21T05:23:45.231Z] GET /api/analysis/latest
[2026-04-21T05:23:46.851Z] GET /api/alerts
[2026-04-21T05:23:48.200Z] GET /api/analysis/latest
[2026-04-21T05:23:48.210Z] GET /api/energy/peak
[2026-04-21T05:23:48.314Z] GET /api/analysis/latest
[2026-04-21T05:23:48.464Z] GET /api/analysis/latest
[2026-04-21T05:23:48.602Z] GET /api/analysis/latest
[2026-04-21T05:23:48.611Z] GET /api/energy/peak
[2026-04-21T05:23:48.688Z] GET /api/analysis/latest
[2026-04-21T05:23:48.698Z] GET /api/alerts
[2026-04-21T05:23:48.895Z] GET /api/analysis/latest
[2026-04-21T05:23:49.002Z] GET /api/analysis/latest
[2026-04-21T05:23:49.100Z] GET /api/analysis/latest
[2026-04-21T05:23:50.060Z] GET /api/alerts
[2026-04-21T05:23:52.340Z] GET /api/analysis/latest
[2026-04-21T05:23:52.345Z] GET /api/energy/peak
[2026-04-21T05:23:52.406Z] GET /api/analysis/latest
[2026-04-21T05:23:52.480Z] GET /api/analysis/latest
[2026-04-21T05:23:52.485Z] GET /api/alerts
[2026-04-21T05:23:52.560Z] GET /api/analysis/latest
[2026-04-21T05:23:53.524Z] GET /api/analysis/latest
[2026-04-21T05:23:53.534Z] GET /api/energy/peak
[2026-04-21T05:23:53.718Z] GET /api/analysis/latest
[2026-04-21T05:23:53.915Z] GET /api/analysis/latest
[2026-04-21T05:23:54.020Z] GET /api/analysis/latest
[2026-04-21T05:23:54.127Z] GET /api/alerts
[2026-04-21T05:23:57.111Z] GET /api/analysis/latest
[2026-04-21T05:23:57.115Z] GET /api/energy/peak
[2026-04-21T05:23:57.317Z] GET /api/analysis/latest
[2026-04-21T05:23:57.609Z] GET /api/analysis/latest
[2026-04-21T05:23:57.619Z] GET /api/energy/peak
[2026-04-21T05:23:57.652Z] GET /api/alerts
[2026-04-21T05:23:57.690Z] GET /api/analysis/latest
[2026-04-21T05:23:57.754Z] GET /api/analysis/latest
[2026-04-21T05:23:57.916Z] GET /api/analysis/latest
[2026-04-21T05:23:58.119Z] GET /api/analysis/latest
[2026-04-21T05:23:58.221Z] GET /api/analysis/latest
[2026-04-21T05:23:59.208Z] GET /api/alerts
[2026-04-21T05:24:01.186Z] GET /api/analysis/latest
[2026-04-21T05:24:01.191Z] GET /api/energy/peak
[2026-04-21T05:24:01.303Z] GET /api/analysis/latest
[2026-04-21T05:24:01.361Z] GET /api/analysis/latest
[2026-04-21T05:24:01.366Z] GET /api/alerts
[2026-04-21T05:24:01.492Z] GET /api/analysis/latest
[2026-04-21T05:24:04.756Z] GET /api/analysis/latest
[2026-04-21T05:24:04.994Z] GET /api/analysis/latest
[2026-04-21T05:24:05.031Z] GET /api/energy/peak
[2026-04-21T05:24:05.064Z] GET /api/analysis/latest
[2026-04-21T05:24:05.084Z] GET /api/alerts
[2026-04-21T05:24:05.138Z] GET /api/analysis/latest
[2026-04-21T05:24:05.397Z] GET /api/analysis/latest
[2026-04-21T05:24:05.411Z] GET /api/energy/peak
[2026-04-21T05:24:05.550Z] GET /api/analysis/latest
[2026-04-21T05:24:05.642Z] GET /api/analysis/latest
[2026-04-21T05:24:05.704Z] GET /api/analysis/latest
[2026-04-21T05:24:06.447Z] GET /api/alerts
[2026-04-21T05:24:06.458Z] GET /api/analysis/latest
[2026-04-21T05:24:06.507Z] GET /api/energy/peak
[2026-04-21T05:24:06.521Z] GET /api/analysis/latest
[2026-04-21T05:24:06.583Z] GET /api/analysis/latest
[2026-04-21T05:24:06.646Z] GET /api/analysis/latest
[2026-04-21T05:24:07.566Z] GET /api/alerts
[2026-04-21T05:24:08.679Z] GET /api/analysis/latest
[2026-04-21T05:24:08.689Z] GET /api/energy/peak
[2026-04-21T05:24:08.740Z] GET /api/analysis/latest
[2026-04-21T05:24:08.803Z] GET /api/analysis/latest
[2026-04-21T05:24:08.818Z] GET /api/alerts
[2026-04-21T05:24:08.862Z] GET /api/analysis/latest
[2026-04-21T05:24:11.217Z] GET /api/analysis/latest
[2026-04-21T05:24:11.252Z] GET /api/energy/peak
[2026-04-21T05:24:11.281Z] GET /api/analysis/latest
[2026-04-21T05:24:11.345Z] GET /api/analysis/latest
[2026-04-21T05:24:11.404Z] GET /api/analysis/latest
[2026-04-21T05:24:11.622Z] GET /api/alerts
[2026-04-21T05:24:12.526Z] GET /api/analysis/latest
[2026-04-21T05:24:12.550Z] GET /api/energy/peak
[2026-04-21T05:24:12.604Z] GET /api/analysis/latest
[2026-04-21T05:24:12.673Z] GET /api/analysis/latest
[2026-04-21T05:24:12.771Z] GET /api/analysis/latest
[2026-04-21T05:24:12.830Z] GET /api/alerts
[2026-04-21T05:24:15.606Z] GET /api/analysis/latest
[2026-04-21T05:24:15.630Z] GET /api/energy/peak
[2026-04-21T05:24:15.673Z] GET /api/analysis/latest
[2026-04-21T05:24:15.737Z] GET /api/analysis/latest
[2026-04-21T05:24:15.766Z] GET /api/alerts
[2026-04-21T05:24:15.820Z] GET /api/analysis/latest
[2026-04-21T05:24:16.907Z] GET /api/analysis/latest
[2026-04-21T05:24:16.939Z] GET /api/energy/peak
[2026-04-21T05:24:17.041Z] GET /api/analysis/latest
[2026-04-21T05:24:17.106Z] GET /api/analysis/latest
[2026-04-21T05:24:17.200Z] GET /api/analysis/latest
[2026-04-21T05:24:17.248Z] GET /api/alerts
[2026-04-21T05:24:19.804Z] GET /api/analysis/latest
[2026-04-21T05:24:19.810Z] GET /api/energy/peak
[2026-04-21T05:24:19.898Z] GET /api/analysis/latest
[2026-04-21T05:24:19.992Z] GET /api/analysis/latest
[2026-04-21T05:24:20.000Z] GET /api/alerts
[2026-04-21T05:24:20.083Z] GET /api/analysis/latest
[2026-04-21T05:24:21.851Z] GET /api/analysis/latest
[2026-04-21T05:24:21.859Z] GET /api/energy/peak
[2026-04-21T05:24:21.935Z] GET /api/analysis/latest
[2026-04-21T05:24:22.020Z] GET /api/analysis/latest
[2026-04-21T05:24:22.027Z] GET /api/alerts
[2026-04-21T05:24:22.105Z] GET /api/analysis/latest
[2026-04-21T05:24:25.019Z] GET /api/analysis/latest
[2026-04-21T05:24:25.041Z] GET /api/energy/peak
[2026-04-21T05:24:25.101Z] GET /api/analysis/latest
[2026-04-21T05:24:25.224Z] GET /api/analysis/latest
[2026-04-21T05:24:25.230Z] GET /api/alerts
[2026-04-21T05:24:25.305Z] GET /api/analysis/latest
[2026-04-21T05:24:25.855Z] GET /api/analysis/latest
[2026-04-21T05:24:25.879Z] GET /api/energy/peak
[2026-04-21T05:24:25.952Z] GET /api/analysis/latest
[2026-04-21T05:24:26.057Z] GET /api/analysis/latest
[2026-04-21T05:24:26.139Z] GET /api/analysis/latest
[2026-04-21T05:24:26.629Z] GET /api/alerts
[2026-04-21T05:24:29.391Z] GET /api/analysis/latest
[2026-04-21T05:24:29.396Z] GET /api/energy/peak
[2026-04-21T05:24:29.470Z] GET /api/analysis/latest
[2026-04-21T05:24:29.497Z] GET /api/energy/peak
[2026-04-21T05:24:29.551Z] GET /api/analysis/latest
[2026-04-21T05:24:29.561Z] GET /api/alerts
[2026-04-21T05:24:29.636Z] GET /api/analysis/latest
[2026-04-21T05:24:29.725Z] GET /api/analysis/latest
[2026-04-21T05:24:29.786Z] GET /api/analysis/latest
[2026-04-21T05:24:29.852Z] GET /api/analysis/latest
[2026-04-21T05:24:29.918Z] GET /api/analysis/latest
[2026-04-21T05:24:31.065Z] GET /api/alerts
[2026-04-21T05:24:32.867Z] GET /api/analysis/latest
[2026-04-21T05:24:32.879Z] GET /api/energy/peak
[2026-04-21T05:24:32.940Z] GET /api/analysis/latest
[2026-04-21T05:24:33.011Z] GET /api/analysis/latest
[2026-04-21T05:24:33.015Z] GET /api/alerts
[2026-04-21T05:24:33.074Z] GET /api/analysis/latest
[2026-04-21T05:24:33.171Z] GET /api/analysis/latest
[2026-04-21T05:24:33.187Z] GET /api/energy/peak
[2026-04-21T05:24:33.271Z] GET /api/analysis/latest
[2026-04-21T05:24:33.353Z] GET /api/analysis/latest
[2026-04-21T05:24:33.440Z] GET /api/analysis/latest
[2026-04-21T05:24:34.216Z] GET /api/alerts
[2026-04-21T05:24:37.325Z] GET /api/analysis/latest
[2026-04-21T05:24:37.341Z] GET /api/energy/peak
[2026-04-21T05:24:37.395Z] GET /api/analysis/latest
[2026-04-21T05:24:37.465Z] GET /api/analysis/latest
[2026-04-21T05:24:37.471Z] GET /api/alerts
[2026-04-21T05:24:37.536Z] GET /api/analysis/latest
[2026-04-21T05:24:38.039Z] GET /api/analysis/latest
[2026-04-21T05:24:38.043Z] GET /api/energy/peak
[2026-04-21T05:24:38.171Z] GET /api/analysis/latest
[2026-04-21T05:24:38.296Z] GET /api/analysis/latest
[2026-04-21T05:24:38.695Z] GET /api/analysis/latest
[2026-04-21T05:24:39.313Z] GET /api/alerts
[2026-04-21T05:24:41.762Z] GET /api/analysis/latest
[2026-04-21T05:24:41.777Z] GET /api/energy/peak
[2026-04-21T05:24:41.824Z] GET /api/analysis/latest
[2026-04-21T05:24:41.903Z] GET /api/analysis/latest
[2026-04-21T05:24:41.908Z] GET /api/alerts
[2026-04-21T05:24:41.981Z] GET /api/analysis/latest
[2026-04-21T05:24:42.698Z] GET /api/analysis/latest
[2026-04-21T05:24:42.712Z] GET /api/energy/peak
[2026-04-21T05:24:42.805Z] GET /api/analysis/latest
[2026-04-21T05:24:42.881Z] GET /api/analysis/latest
[2026-04-21T05:24:42.946Z] GET /api/analysis/latest
[2026-04-21T05:24:43.092Z] GET /api/alerts
[2026-04-21T05:24:45.599Z] GET /api/analysis/latest
[2026-04-21T05:24:45.612Z] GET /api/energy/peak
[2026-04-21T05:24:45.660Z] GET /api/analysis/latest
[2026-04-21T05:24:45.672Z] GET /api/alerts
[2026-04-21T05:24:45.750Z] GET /api/analysis/latest
[2026-04-21T05:24:45.812Z] GET /api/analysis/latest
[2026-04-21T05:24:47.789Z] GET /api/analysis/latest
[2026-04-21T05:24:47.798Z] GET /api/energy/peak
[2026-04-21T05:24:48.345Z] GET /api/analysis/latest
[2026-04-21T05:24:48.429Z] GET /api/analysis/latest
[2026-04-21T05:24:48.611Z] GET /api/analysis/latest
[2026-04-21T05:24:48.835Z] GET /api/alerts
[2026-04-21T05:24:49.315Z] GET /api/analysis/latest
[2026-04-21T05:24:49.325Z] GET /api/energy/peak
[2026-04-21T05:24:49.401Z] GET /api/analysis/latest
[2026-04-21T05:24:49.520Z] GET /api/analysis/latest
[2026-04-21T05:24:49.600Z] GET /api/analysis/latest
[2026-04-21T05:24:50.977Z] GET /api/alerts
[2026-04-21T05:24:52.593Z] GET /api/alerts
[2026-04-21T05:24:52.820Z] GET /api/analysis/latest
[2026-04-21T05:24:52.826Z] GET /api/energy/peak
[2026-04-21T05:24:52.887Z] GET /api/analysis/latest
[2026-04-21T05:24:52.901Z] GET /api/energy/peak
[2026-04-21T05:24:52.963Z] GET /api/analysis/latest
[2026-04-21T05:24:53.034Z] GET /api/analysis/latest
[2026-04-21T05:24:53.110Z] GET /api/analysis/latest
[2026-04-21T05:24:53.260Z] GET /api/analysis/latest
[2026-04-21T05:24:53.344Z] GET /api/analysis/latest
[2026-04-21T05:24:53.439Z] GET /api/analysis/latest
[2026-04-21T05:24:53.771Z] GET /api/alerts
[2026-04-21T05:24:54.818Z] GET /api/alerts
[2026-04-21T05:24:56.640Z] GET /api/analysis/latest
[2026-04-21T05:24:56.655Z] GET /api/energy/peak
[2026-04-21T05:24:56.701Z] GET /api/analysis/latest
[2026-04-21T05:24:56.771Z] GET /api/analysis/latest
[2026-04-21T05:24:56.780Z] GET /api/alerts
[2026-04-21T05:24:56.843Z] GET /api/analysis/latest
[2026-04-21T05:24:57.103Z] GET /api/analysis/latest
[2026-04-21T05:24:57.130Z] GET /api/energy/peak
